{
  "_filename": "binary_operator_nested.dao",
  "ast": {
    "type": "program",
    "value": {
      "entry": [
        {
          "type": "binary_expression",
          "value": {
            "lhs": {
              "type": "function_call",
              "value": {
                "args": [
                  {
                    "type": "numeral_expression",
                    "value": "5"
                  }
                ],
                "callee": "double"
              }
            },
            "operand": ">",
            "rhs": {
              "type": "numeral_expression",
              "value": "9"
            }
          }
        },
        {
          "type": "binary_expression",
          "value": {
            "lhs": {
              "type": "binary_expression",
              "value": {
                "lhs": {
                  "type": "binary_expression",
                  "value": {
                    "lhs": {
                      "type": "numeral_expression",
                      "value": "4"
                    },
                    "operand": "*",
                    "rhs": {
                      "type": "binary_expression",
                      "value": {
                        "lhs": {
                          "type": "function_call",
                          "value": {
                            "args": [
                              {
                                "type": "identifier_expression",
                                "value": "p"
                              },
                              {
                                "type": "identifier_expression",
                                "value": "q"
                              }
                            ],
                            "callee": "distance_euclidean"
                          }
                        },
                        "operand": "-",
                        "rhs": {
                          "type": "numeral_expression",
                          "value": "3"
                        }
                      }
                    }
                  }
                },
                "operand": "/",
                "rhs": {
                  "type": "numeral_expression",
                  "value": "212"
                }
              }
            },
            "operand": "+",
            "rhs": {
              "type": "identifier_expression",
              "value": "y"
            }
          }
        }
      ],
      "nodes": []
    }
  }
}
