{
  "_filename": "binary_operator.dao",
  "tokens": [
    {
      "kind": "numeral",
      "repr": "15"
    },
    {
      "kind": "operator",
      "repr": "+"
    },
    {
      "kind": "numeral",
      "repr": "32"
    },
    {
      "kind": "new_line",
      "repr": "\\n"
    },
    {
      "kind": "new_line",
      "repr": "\\n"
    },
    {
      "kind": "identifier",
      "repr": "x"
    },
    {
      "kind": "operator",
      "repr": "/"
    },
    {
      "kind": "identifier",
      "repr": "y"
    },
    {
      "kind": "operator",
      "repr": "*"
    },
    {
      "kind": "identifier",
      "repr": "z"
    },
    {
      "kind": "new_line",
      "repr": "\\n"
    }
  ]
}
