{
  "_filename": "binary_operator.dao",
  "ast": {
    "type": "program",
    "value": {
      "entry": [
        {
          "type": "binary_expression",
          "value": {
            "lhs": {
              "type": "numeral_expression",
              "value": "15"
            },
            "operand": "+",
            "rhs": {
              "type": "numeral_expression",
              "value": "32"
            }
          }
        },
        {
          "type": "binary_expression",
          "value": {
            "lhs": {
              "type": "binary_expression",
              "value": {
                "lhs": {
                  "type": "identifier_expression",
                  "value": "x"
                },
                "operand": "/",
                "rhs": {
                  "type": "identifier_expression",
                  "value": "y"
                }
              }
            },
            "operand": "*",
            "rhs": {
              "type": "identifier_expression",
              "value": "z"
            }
          }
        }
      ],
      "nodes": []
    }
  }
}
