{
  "_filename": "empty.dao",
  "ast": {
    "type": "program",
    "value": {
      "entry": [],
      "nodes": []
    }
  }
}
