{
  "_filename": "empty.dao",
  "tokens": [
    {
      "kind": "end_of_file",
      "repr": ""
    }
  ]
}
