{
  "_filename": "function_definition.dao",
  "tokens": [
    {
      "kind": "keyword",
      "repr": "function"
    },
    {
      "kind": "identifier",
      "repr": "double"
    },
    {
      "kind": "separator",
      "repr": "("
    },
    {
      "kind": "identifier",
      "repr": "x"
    },
    {
      "kind": "separator",
      "repr": ")"
    },
    {
      "kind": "new_line",
      "repr": "\\n"
    },
    {
      "kind": "identifier",
      "repr": "x"
    },
    {
      "kind": "operator",
      "repr": "*"
    },
    {
      "kind": "numeral",
      "repr": "2"
    },
    {
      "kind": "new_line",
      "repr": "\\n"
    },
    {
      "kind": "new_line",
      "repr": "\\n"
    },
    {
      "kind": "keyword",
      "repr": "function"
    },
    {
      "kind": "identifier",
      "repr": "distance_euclidean"
    },
    {
      "kind": "separator",
      "repr": "("
    },
    {
      "kind": "identifier",
      "repr": "p"
    },
    {
      "kind": "separator",
      "repr": ","
    },
    {
      "kind": "identifier",
      "repr": "q"
    },
    {
      "kind": "separator",
      "repr": ")"
    },
    {
      "kind": "new_line",
      "repr": "\\n"
    },
    {
      "kind": "identifier",
      "repr": "sqrt"
    },
    {
      "kind": "separator",
      "repr": "("
    },
    {
      "kind": "identifier",
      "repr": "pow"
    },
    {
      "kind": "separator",
      "repr": "("
    },
    {
      "kind": "identifier",
      "repr": "p"
    },
    {
      "kind": "operator",
      "repr": "-"
    },
    {
      "kind": "identifier",
      "repr": "q"
    },
    {
      "kind": "separator",
      "repr": ","
    },
    {
      "kind": "numeral",
      "repr": "2"
    },
    {
      "kind": "separator",
      "repr": ")"
    },
    {
      "kind": "separator",
      "repr": ")"
    },
    {
      "kind": "new_line",
      "repr": "\\n"
    }
  ]
}
