{
  "_filename": "function_prototype.dao",
  "tokens": [
    {
      "kind": "keyword",
      "repr": "function"
    },
    {
      "kind": "identifier",
      "repr": "pow"
    },
    {
      "kind": "separator",
      "repr": "("
    },
    {
      "kind": "identifier",
      "repr": "x"
    },
    {
      "kind": "separator",
      "repr": ","
    },
    {
      "kind": "identifier",
      "repr": "y"
    },
    {
      "kind": "separator",
      "repr": ")"
    },
    {
      "kind": "new_line",
      "repr": "\\n"
    },
    {
      "kind": "new_line",
      "repr": "\\n"
    },
    {
      "kind": "keyword",
      "repr": "external"
    },
    {
      "kind": "separator",
      "repr": "("
    },
    {
      "kind": "identifier",
      "repr": "C"
    },
    {
      "kind": "separator",
      "repr": ")"
    },
    {
      "kind": "keyword",
      "repr": "function"
    },
    {
      "kind": "identifier",
      "repr": "puts"
    },
    {
      "kind": "separator",
      "repr": "("
    },
    {
      "kind": "identifier",
      "repr": "str"
    },
    {
      "kind": "separator",
      "repr": ")"
    },
    {
      "kind": "new_line",
      "repr": "\\n"
    },
    {
      "kind": "new_line",
      "repr": "\\n"
    },
    {
      "kind": "keyword",
      "repr": "function"
    },
    {
      "kind": "identifier",
      "repr": "foo"
    },
    {
      "kind": "separator",
      "repr": "("
    },
    {
      "kind": "identifier",
      "repr": "x"
    },
    {
      "kind": "separator",
      "repr": ")"
    },
    {
      "kind": "new_line",
      "repr": "\\n"
    },
    {
      "kind": "new_line",
      "repr": "\\n"
    },
    {
      "kind": "keyword",
      "repr": "function"
    },
    {
      "kind": "identifier",
      "repr": "bar"
    },
    {
      "kind": "separator",
      "repr": "("
    },
    {
      "kind": "identifier",
      "repr": "x"
    },
    {
      "kind": "separator",
      "repr": ")"
    },
    {
      "kind": "new_line",
      "repr": "\\n"
    },
    {
      "kind": "new_line",
      "repr": "\\n"
    },
    {
      "kind": "end_of_file",
      "repr": ""
    }
  ]
}
