{
  "_filename": "function_call.dao",
  "tokens": [
    {
      "kind": "identifier",
      "repr": "my_func"
    },
    {
      "kind": "separator",
      "repr": "("
    },
    {
      "kind": "separator",
      "repr": ")"
    },
    {
      "kind": "new_line",
      "repr": "\\n"
    },
    {
      "kind": "new_line",
      "repr": "\\n"
    },
    {
      "kind": "identifier",
      "repr": "distance_euclidean"
    },
    {
      "kind": "separator",
      "repr": "("
    },
    {
      "kind": "identifier",
      "repr": "p2"
    },
    {
      "kind": "separator",
      "repr": ","
    },
    {
      "kind": "identifier",
      "repr": "q2"
    },
    {
      "kind": "separator",
      "repr": ")"
    },
    {
      "kind": "new_line",
      "repr": "\\n"
    },
    {
      "kind": "new_line",
      "repr": "\\n"
    },
    {
      "kind": "identifier",
      "repr": "distance_euclidean"
    },
    {
      "kind": "separator",
      "repr": "("
    },
    {
      "kind": "identifier",
      "repr": "p1"
    },
    {
      "kind": "separator",
      "repr": ","
    },
    {
      "kind": "identifier",
      "repr": "q1"
    },
    {
      "kind": "separator",
      "repr": ")"
    },
    {
      "kind": "new_line",
      "repr": "\\n"
    },
    {
      "kind": "end_of_file",
      "repr": ""
    }
  ]
}
