{
  "_filename": "identifier.dao",
  "tokens": [
    {
      "kind": "identifier",
      "repr": "my_identifier"
    },
    {
      "kind": "new_line",
      "repr": "\\n"
    }
  ]
}
