{
  "_filename": "identifier.dao",
  "ast": {
    "type": "program",
    "value": {
      "entry": [
        {
          "type": "identifier_expression",
          "value": "my_identifier"
        }
      ],
      "nodes": []
    }
  }
}
