{
  "filename": "if_then_else.dao",
  "tokens": [
    {
      "kind": "keyword",
      "repr": "if"
    },
    {
      "kind": "identifier",
      "repr": "x"
    },
    {
      "kind": "operator",
      "repr": "<"
    },
    {
      "kind": "numeral",
      "repr": "3"
    },
    {
      "kind": "keyword",
      "repr": "then"
    },
    {
      "kind": "new_line",
      "repr": "\\n"
    },
    {
      "kind": "identifier",
      "repr": "puts"
    },
    {
      "kind": "separator",
      "repr": "("
    },
    {
      "kind": "literal",
      "repr": "x is less than 3"
    },
    {
      "kind": "separator",
      "repr": ")"
    },
    {
      "kind": "new_line",
      "repr": "\\n"
    },
    {
      "kind": "new_line",
      "repr": "\\n"
    },
    {
      "kind": "keyword",
      "repr": "if"
    },
    {
      "kind": "identifier",
      "repr": "double"
    },
    {
      "kind": "separator",
      "repr": "("
    },
    {
      "kind": "numeral",
      "repr": "5"
    },
    {
      "kind": "separator",
      "repr": ")"
    },
    {
      "kind": "operator",
      "repr": ">"
    },
    {
      "kind": "numeral",
      "repr": "9"
    },
    {
      "kind": "keyword",
      "repr": "then"
    },
    {
      "kind": "new_line",
      "repr": "\\n"
    },
    {
      "kind": "identifier",
      "repr": "puts"
    },
    {
      "kind": "separator",
      "repr": "("
    },
    {
      "kind": "literal",
      "repr": "10 is greater than 9"
    },
    {
      "kind": "separator",
      "repr": ")"
    },
    {
      "kind": "new_line",
      "repr": "\\n"
    },
    {
      "kind": "keyword",
      "repr": "else"
    },
    {
      "kind": "new_line",
      "repr": "\\n"
    },
    {
      "kind": "identifier",
      "repr": "puts"
    },
    {
      "kind": "separator",
      "repr": "("
    },
    {
      "kind": "literal",
      "repr": "unreachable"
    },
    {
      "kind": "separator",
      "repr": ")"
    },
    {
      "kind": "new_line",
      "repr": "\\n"
    }
  ]
}
