{
  "_filename": "if_then_else.tokens.approved.json",
  "ast": {
    "type": "program",
    "value": {
      "entry": [
        {
          "type": "if_then_else_expression",
          "value": {
            "condition": {
              "type": "binary_expression",
              "value": {
                "lhs": {
                  "type": "identifier_expression",
                  "value": "x"
                },
                "operand": "<",
                "rhs": {
                  "type": "numeral_expression",
                  "value": "3"
                }
              }
            },
            "else": null,
            "then": {
              "type": "function_call",
              "value": {
                "args": [
                  {
                    "type": "string_literal",
                    "value": "x is less than 3"
                  }
                ],
                "callee": "puts"
              }
            }
          }
        },
        {
          "type": "if_then_else_expression",
          "value": {
            "condition": {
              "type": "binary_expression",
              "value": {
                "lhs": {
                  "type": "function_call",
                  "value": {
                    "args": [
                      {
                        "type": "numeral_expression",
                        "value": "5"
                      }
                    ],
                    "callee": "double"
                  }
                },
                "operand": ">",
                "rhs": {
                  "type": "numeral_expression",
                  "value": "9"
                }
              }
            },
            "else": {
              "type": "function_call",
              "value": {
                "args": [
                  {
                    "type": "string_literal",
                    "value": "unreachable"
                  }
                ],
                "callee": "puts"
              }
            },
            "then": {
              "type": "function_call",
              "value": {
                "args": [
                  {
                    "type": "string_literal",
                    "value": "10 is greater than 9"
                  }
                ],
                "callee": "puts"
              }
            }
          }
        }
      ],
      "nodes": []
    }
  }
}
