{
  "type": "program",
  "value": {
    "entry": [
      {
        "type": "if_then_else_expression",
        "value": {
          "condition": {
            "type": "binary_expression",
            "value": {
              "lhs": {
                "type": "function_call",
                "value": {
                  "args": [
                    {
                      "type": "numeral_expression",
                      "value": "5"
                    }
                  ],
                  "callee": "double"
                }
              },
              "operand": ">",
              "rhs": {
                "type": "numeral_expression",
                "value": "9"
              }
            }
          },
          "else": {
            "type": "function_call",
            "value": {
              "args": [
                {
                  "type": "string_literal",
                  "value": "unreachable"
                }
              ],
              "callee": "puts"
            }
          },
          "then": {
            "type": "function_call",
            "value": {
              "args": [
                {
                  "type": "string_literal",
                  "value": "10 is greater than 9"
                }
              ],
              "callee": "puts"
            }
          }
        }
      }
    ],
    "nodes": [
      {
        "type": "external_linkage",
        "value": {
          "kind": "C",
          "prototype": {
            "args": [
              {
                "name": "str"
              }
            ],
            "id": "puts"
          }
        }
      },
      {
        "type": "function_definition",
        "value": {
          "body": {
            "type": "binary_expression",
            "value": {
              "lhs": {
                "type": "identifier_expression",
                "value": "x"
              },
              "operand": "*",
              "rhs": {
                "type": "numeral_expression",
                "value": "2"
              }
            }
          },
          "prototype": {
            "args": [
              {
                "name": "x"
              }
            ],
            "id": "double"
          }
        }
      }
    ]
  }
}
