{
  "type": "program",
  "value": {
    "entry": [
      {
        "type": "binary_expression",
        "value": {
          "lhs": {
            "type": "function_call",
            "value": {
              "args": [
                {
                  "type": "numeral_expression",
                  "value": "5"
                }
              ],
              "callee": "double"
            }
          },
          "operand": ">",
          "rhs": {
            "type": "numeral_expression",
            "value": "9"
          }
        }
      }
    ],
    "nodes": []
  }
}
