{
  "root": {
    "type": "function_call",
    "value": {
      "args": [
        {
          "type": "identifier_expression",
          "value": "p"
        },
        {
          "type": "identifier_expression",
          "value": "q"
        }
      ],
      "callee": "distance_euclidean"
    }
  }
}
