{
  "root": {
    "type": "binary_expr",
    "value": {
      "lhs": {
        "type": "identifier_expr",
        "value": "x"
      },
      "rhs": {
        "type": "numeral_expr",
        "value": 9
      },
      "operand": "*"
    }
  }
}
