{
  "type": "program",
  "value": {
    "entry": [
      {
        "type": "function_call",
        "value": {
          "args": [
            {
              "type": "identifier_expression",
              "value": "p2"
            },
            {
              "type": "identifier_expression",
              "value": "q2"
            }
          ],
          "callee": "distance_euclidean"
        }
      },
      {
        "type": "function_call",
        "value": {
          "args": [
            {
              "type": "identifier_expression",
              "value": "p1"
            },
            {
              "type": "identifier_expression",
              "value": "q1"
            }
          ],
          "callee": "distance_euclidean"
        }
      }
    ],
    "nodes": []
  }
}
