{
  "root": {
    "type": "numeral_expr",
    "value": 3
  }
}
