{
  "type": "program",
  "value": {
    "type": "binary_expression",
    "value": {
      "lhs": {
        "type": "binary_expression",
        "value": {
          "lhs": {
            "type": "identifier_expression",
            "value": "y"
          },
          "operand": "+",
          "rhs": {
            "type": "identifier_expression",
            "value": "z"
          }
        }
      },
      "operand": "/",
      "rhs": {
        "type": "numeral_expression",
        "value": "10"
      }
    }
  }
}
