{
  "root": {
    "type": "identifier_expr",
    "value": "function"
  }
}
