{
  "root": {
    "type": "function_definition",
    "value": {
      "body": {
        "type": "binary_expression",
        "value": {
          "lhs": {
            "type": "identifier_expression",
            "value": "next_op_precedence"
          },
          "operand": "<",
          "rhs": {
            "type": "identifier_expression",
            "value": "default_op_precedence"
          }
        }
      },
      "prototype": {
        "args": [],
        "id": "main"
      }
    }
  }
}
