{
  "_filename": "type_alias.dao",
  "tokens": [
    {
      "kind": "keyword",
      "repr": "alias"
    },
    {
      "kind": "identifier",
      "repr": "int8"
    },
    {
      "kind": "keyword",
      "repr": "as"
    },
    {
      "kind": "identifier",
      "repr": "c_char"
    },
    {
      "kind": "new_line",
      "repr": "\\n"
    },
    {
      "kind": "end_of_file",
      "repr": ""
    }
  ]
}
