{
  "type": "program",
  "value": {
    "entry": [],
    "nodes": [
      {
        "type": "function_prototype",
        "value": {
          "args": [
            {
              "name": "x"
            },
            {
              "name": "y"
            }
          ],
          "id": "pow"
        }
      }
    ]
  }
}
