{
  "type": "program",
  "value": {
    "entry": [
      {
        "type": "binary_expression",
        "value": {
          "lhs": {
            "type": "identifier_expression",
            "value": "next_op_precedence"
          },
          "operand": "<",
          "rhs": {
            "type": "identifier_expression",
            "value": "default_op_precedence"
          }
        }
      }
    ],
    "nodes": []
  }
}
