{
  "_filename": "external_linkage.dao",
  "ast": {
    "type": "program",
    "value": {
      "entry": [],
      "meta": [
        {
          "type": "type_alias",
          "value": {
            "from": {
              "type": "identifier_expression",
              "value": "int8"
            },
            "to": {
              "type": "identifier_expression",
              "value": "c_char"
            }
          }
        }
      ],
      "nodes": [
        {
          "type": "external_linkage",
          "value": {
            "kind": "C",
            "prototype": {
              "args": [
                {
                  "name": "str",
                  "typename": "c_char"
                }
              ],
              "id": "puts",
              "return_typename": "[[dao::deduced_type]]"
            }
          }
        }
      ]
    }
  }
}
