{
  "_filename": "function_call_nested.dao",
  "tokens": [
    {
      "kind": "identifier",
      "repr": "sqrt"
    },
    {
      "kind": "separator",
      "repr": "("
    },
    {
      "kind": "identifier",
      "repr": "pow"
    },
    {
      "kind": "separator",
      "repr": "("
    },
    {
      "kind": "identifier",
      "repr": "p"
    },
    {
      "kind": "operator",
      "repr": "-"
    },
    {
      "kind": "identifier",
      "repr": "q"
    },
    {
      "kind": "separator",
      "repr": ","
    },
    {
      "kind": "numeral",
      "repr": "2"
    },
    {
      "kind": "separator",
      "repr": ")"
    },
    {
      "kind": "separator",
      "repr": ")"
    },
    {
      "kind": "new_line",
      "repr": "\\n"
    },
    {
      "kind": "end_of_file",
      "repr": ""
    }
  ]
}
