{
  "_filename": "function_definition.dao",
  "ast": {
    "type": "program",
    "value": {
      "entry": [],
      "meta": [],
      "nodes": [
        {
          "type": "function_definition",
          "value": {
            "body": {
              "type": "binary_expression",
              "value": {
                "lhs": {
                  "type": "identifier_expression",
                  "value": "x"
                },
                "operand": "*",
                "rhs": {
                  "type": "numeral_expression",
                  "value": "2"
                }
              }
            },
            "prototype": {
              "args": [
                {
                  "name": "x",
                  "typename": "[[dao::deduced_type]]"
                }
              ],
              "id": "double",
              "return_typename": "[[dao::deduced_type]]"
            }
          }
        },
        {
          "type": "function_definition",
          "value": {
            "body": {
              "type": "function_call",
              "value": {
                "args": [
                  {
                    "type": "function_call",
                    "value": {
                      "args": [
                        {
                          "type": "binary_expression",
                          "value": {
                            "lhs": {
                              "type": "identifier_expression",
                              "value": "p"
                            },
                            "operand": "-",
                            "rhs": {
                              "type": "identifier_expression",
                              "value": "q"
                            }
                          }
                        },
                        {
                          "type": "numeral_expression",
                          "value": "2"
                        }
                      ],
                      "callee": "pow"
                    }
                  }
                ],
                "callee": "sqrt"
              }
            },
            "prototype": {
              "args": [
                {
                  "name": "p",
                  "typename": "[[dao::deduced_type]]"
                },
                {
                  "name": "q",
                  "typename": "[[dao::deduced_type]]"
                }
              ],
              "id": "distance_euclidean",
              "return_typename": "[[dao::deduced_type]]"
            }
          }
        }
      ]
    }
  }
}
