{
  "_filename": "new_line.dao",
  "tokens": [
    {
      "kind": "new_line",
      "repr": "\\n"
    },
    {
      "kind": "end_of_file",
      "repr": ""
    }
  ]
}
