{
  "_filename": "parentheses.dao",
  "tokens": [
    {
      "kind": "separator",
      "repr": "("
    },
    {
      "kind": "identifier",
      "repr": "my_var"
    },
    {
      "kind": "separator",
      "repr": ")"
    },
    {
      "kind": "new_line",
      "repr": "\\n"
    },
    {
      "kind": "new_line",
      "repr": "\\n"
    },
    {
      "kind": "separator",
      "repr": "("
    },
    {
      "kind": "identifier",
      "repr": "my_var"
    },
    {
      "kind": "operator",
      "repr": "*"
    },
    {
      "kind": "numeral",
      "repr": "9"
    },
    {
      "kind": "separator",
      "repr": ")"
    },
    {
      "kind": "new_line",
      "repr": "\\n"
    },
    {
      "kind": "new_line",
      "repr": "\\n"
    },
    {
      "kind": "separator",
      "repr": "("
    },
    {
      "kind": "numeral",
      "repr": "7"
    },
    {
      "kind": "operator",
      "repr": "+"
    },
    {
      "kind": "identifier",
      "repr": "my_var"
    },
    {
      "kind": "separator",
      "repr": ")"
    },
    {
      "kind": "operator",
      "repr": "*"
    },
    {
      "kind": "numeral",
      "repr": "5"
    },
    {
      "kind": "new_line",
      "repr": "\\n"
    },
    {
      "kind": "end_of_file",
      "repr": ""
    }
  ]
}
