{
  "_filename": "parentheses.dao",
  "ast": {
    "type": "program",
    "value": {
      "entry": [
        {
          "type": "identifier_expression",
          "value": "my_var"
        },
        {
          "type": "binary_expression",
          "value": {
            "lhs": {
              "type": "identifier_expression",
              "value": "my_var"
            },
            "operand": "*",
            "rhs": {
              "type": "numeral_expression",
              "value": "9"
            }
          }
        },
        {
          "type": "binary_expression",
          "value": {
            "lhs": {
              "type": "binary_expression",
              "value": {
                "lhs": {
                  "type": "numeral_expression",
                  "value": "7"
                },
                "operand": "+",
                "rhs": {
                  "type": "identifier_expression",
                  "value": "my_var"
                }
              }
            },
            "operand": "*",
            "rhs": {
              "type": "numeral_expression",
              "value": "5"
            }
          }
        }
      ],
      "meta": [],
      "nodes": []
    }
  }
}
