{
  "type": "program",
  "value": {
    "entry": [
      {
        "type": "identifier_expression",
        "value": "my_function"
      }
    ],
    "nodes": []
  }
}
