{
  "type": "program",
  "value": {
    "entry": [
      {
        "type": "function_call",
        "value": {
          "args": [
            {
              "type": "numeral_expression",
              "value": "4"
            }
          ],
          "callee": "double"
        }
      }
    ],
    "nodes": [
      {
        "type": "function_definition",
        "value": {
          "body": {
            "type": "binary_expression",
            "value": {
              "lhs": {
                "type": "identifier_expression",
                "value": "x"
              },
              "operand": "*",
              "rhs": {
                "type": "numeral_expression",
                "value": "2"
              }
            }
          },
          "prototype": {
            "args": [
              {
                "name": "x"
              }
            ],
            "id": "double"
          }
        }
      }
    ]
  }
}
