{
  "type": "program",
  "value": {
    "entry": [
      {
        "type": "if_then_else_expression",
        "value": {
          "condition": {
            "type": "binary_expression",
            "value": {
              "lhs": {
                "type": "identifier_expression",
                "value": "x"
              },
              "operand": "<",
              "rhs": {
                "type": "numeral_expression",
                "value": "3"
              }
            }
          },
          "else": null,
          "then": {
            "type": "function_call",
            "value": {
              "args": [
                {
                  "type": "identifier_expression",
                  "value": "x"
                }
              ],
              "callee": "puts"
            }
          }
        }
      }
    ],
    "nodes": []
  }
}
