{
  "type": "program",
  "value": {
    "entry": [
      {
        "type": "numeral_expression",
        "value": "3"
      }
    ],
    "nodes": []
  }
}
