{
  "_filename": "type_expression.dao",
  "metatables": [
    "types",
    {
      "c_char": "int8",
      "c_int": "int32"
    }
  ]
}
